// Jest Snapshot v1, https://goo.gl/fbAQLP

exports[`<Book> should be equal to snapshot 1`] = `
<div>
  <div
    class="document"
  >
    <div
      class="document-content"
    >
      <div
        class="document-block-list"
      >
        <div
          class="document-block-text"
        />
      </div>
    </div>
  </div>
</div>
`;
