// Jest Snapshot v1, https://goo.gl/fbAQLP

exports[`<App> should be equal to snapshot with invalid route 1`] = `<div />`;

exports[`<App> should be equal to snapshot with redirect to /book1 1`] = `
<div>
  <div>
    Book 1
  </div>
</div>
`;

exports[`<App> should be equal to snapshot with route /book1 1`] = `
<div>
  <div>
    Book 1
  </div>
</div>
`;
